NotPlatformIOProjectError: Not a PlatformIO project. `platformio.ini` file has not been found in current working directory (d:\InkClock). To initialize new project please use `platformio project init` command
